[09:46:10] START  OF=CSI_FL  path=/home/shared/avio-aero/AI_based_DS/2D_compressible-new_strategy/ANN/STEP_028/results/mlp_allOF_[128,128,128]/2/
[09:46:10] ================================================================================
[09:46:10] PREPROCESSING SUMMARY
[09:46:10] ================================================================================
[09:46:10] Model: mlp_allOF_[128,128,128]
[09:46:10] CV Strategy: none
[09:46:10] Database: 9677 samples, 21 DOF columns, 13 OF columns
[09:46:10] --------------------------------------------------------------------------------
[09:46:10] DEGREES OF FREEDOM (DOF)
[09:46:10] --------------------------------------------------------------------------------
[09:46:10]   Group 'all':
[09:46:10]     Pipeline: MinMaxScaler
[09:46:10]     Columns (21): ALFAIN_BC, PITCH_BC, RE2IS_BC, MA2IS_BC, ARATIO_BC, BETA1_G0, BETA2_G0, W1_G0, W2_G0, RTE_G1, TMAXU_G1, TMAXL_G1, TMOVXU_G1, TMOVXL_G1, TUCP2_G2, TUCP3_G2, SUCP3_G2, TUCP5_G2, SUCP5_G2, TLCP5_G2, SLCP5_G2
[09:46:10]   Total DOF columns used: 21/21
[09:46:10] --------------------------------------------------------------------------------
[09:46:10] OBJECTIVE FUNCTIONS (OF)
[09:46:10] --------------------------------------------------------------------------------
[09:46:10]   Group 'all':
[09:46:10]     Pipeline: MinMaxScaler
[09:46:10]     Columns (13): alfa_ex_FL, Cpt_FL, CSI_FL, phi_FL, psi_FL, Zwc_FL, DFss_mis_LO, Ds_cp_LO, Tmax_GM, X_Tmax_GM, Wedge_TE_GM, UGT_GM, Area_GM
[09:46:10]   Total OF columns used: 13/13
[09:46:10] --------------------------------------------------------------------------------
[09:46:10] DATABASE INVENTORY
[09:46:10] --------------------------------------------------------------------------------
[09:46:10]   DOF short names: ALFAIN_BC, PITCH_BC, RE2IS_BC, MA2IS_BC, ARATIO_BC, BETA1_G0, BETA2_G0, W1_G0, W2_G0, RTE_G1, TMAXU_G1, TMAXL_G1, TMOVXU_G1, TMOVXL_G1, TUCP2_G2, TUCP3_G2, SUCP3_G2, TUCP5_G2, SUCP5_G2, TLCP5_G2, SLCP5_G2
[09:46:10]   OF short names: alfa_ex_FL, Cpt_FL, CSI_FL, phi_FL, psi_FL, Zwc_FL, DFss_mis_LO, Ds_cp_LO, Tmax_GM, X_Tmax_GM, Wedge_TE_GM, UGT_GM, Area_GM
[09:46:10] ================================================================================
Model: "mlp_CSI_FL"
┏━━━━━━━━━━━━━━━━━━━━━━━━━━━━━━━━━┳━━━━━━━━━━━━━━━━━━━━━━━━┳━━━━━━━━━━━━━━━┓
┃ Layer (type)                    ┃ Output Shape           ┃       Param # ┃
┡━━━━━━━━━━━━━━━━━━━━━━━━━━━━━━━━━╇━━━━━━━━━━━━━━━━━━━━━━━━╇━━━━━━━━━━━━━━━┩
│ x (InputLayer)                  │ (None, 21)             │             0 │
├─────────────────────────────────┼────────────────────────┼───────────────┤
│ hidden_layer_0 (Dense)          │ (None, 128)            │         2,816 │
├─────────────────────────────────┼────────────────────────┼───────────────┤
│ hidden_layer_1 (Dense)          │ (None, 128)            │        16,512 │
├─────────────────────────────────┼────────────────────────┼───────────────┤
│ hidden_layer_2 (Dense)          │ (None, 128)            │        16,512 │
├─────────────────────────────────┼────────────────────────┼───────────────┤
│ output (Dense)                  │ (None, 1)              │           129 │
└─────────────────────────────────┴────────────────────────┴───────────────┘
 Total params: 35,969 (140.50 KB)
 Trainable params: 35,969 (140.50 KB)
 Non-trainable params: 0 (0.00 B)
Saved artifact at '/home/shared/avio-aero/AI_based_DS/2D_compressible-new_strategy/ANN/STEP_028/results/mlp_allOF_[128,128,128]/2/models/model_CSI_FL'. The following endpoints are available:

* Endpoint 'serve'
  args_0 (POSITIONAL_ONLY): TensorSpec(shape=(None, 21), dtype=tf.float32, name='x')
Output Type:
  TensorSpec(shape=(None, 1), dtype=tf.float32, name=None)
Captures:
  139909290865792: TensorSpec(shape=(), dtype=tf.resource, name=None)
  139909290855760: TensorSpec(shape=(), dtype=tf.resource, name=None)
  139909290860512: TensorSpec(shape=(), dtype=tf.resource, name=None)
  139909292486576: TensorSpec(shape=(), dtype=tf.resource, name=None)
  139909292488336: TensorSpec(shape=(), dtype=tf.resource, name=None)
  139909292484992: TensorSpec(shape=(), dtype=tf.resource, name=None)
  139909292486048: TensorSpec(shape=(), dtype=tf.resource, name=None)
  139909292485696: TensorSpec(shape=(), dtype=tf.resource, name=None)
[09:46:44] METRICS: 
         mae_y      mse_y     mae_of    mape_of     mse_of      r2_of
set                                                                  
tr  2.223e-02  1.081e-03  2.785e-03  4.986e-02  1.696e-05  9.607e-01 
va  3.133e-02  2.761e-03  3.925e-03  6.432e-02  4.333e-05  9.077e-01 
te  3.473e-02  4.691e-03  4.351e-03  6.790e-02  7.362e-05  8.327e-01 
[09:46:48] DONE   OF=CSI_FL
