[09:48:05] START  OF=psi_FL  path=/home/shared/avio-aero/AI_based_DS/2D_compressible-new_strategy/ANN/STEP_028/results/mlp_allOF_[128,128,128]/2/
[09:48:05] ================================================================================
[09:48:05] PREPROCESSING SUMMARY
[09:48:05] ================================================================================
[09:48:05] Model: mlp_allOF_[128,128,128]
[09:48:05] CV Strategy: none
[09:48:05] Database: 9677 samples, 21 DOF columns, 13 OF columns
[09:48:05] --------------------------------------------------------------------------------
[09:48:05] DEGREES OF FREEDOM (DOF)
[09:48:05] --------------------------------------------------------------------------------
[09:48:05]   Group 'all':
[09:48:05]     Pipeline: MinMaxScaler
[09:48:05]     Columns (21): ALFAIN_BC, PITCH_BC, RE2IS_BC, MA2IS_BC, ARATIO_BC, BETA1_G0, BETA2_G0, W1_G0, W2_G0, RTE_G1, TMAXU_G1, TMAXL_G1, TMOVXU_G1, TMOVXL_G1, TUCP2_G2, TUCP3_G2, SUCP3_G2, TUCP5_G2, SUCP5_G2, TLCP5_G2, SLCP5_G2
[09:48:05]   Total DOF columns used: 21/21
[09:48:05] --------------------------------------------------------------------------------
[09:48:05] OBJECTIVE FUNCTIONS (OF)
[09:48:05] --------------------------------------------------------------------------------
[09:48:05]   Group 'all':
[09:48:05]     Pipeline: MinMaxScaler
[09:48:05]     Columns (13): alfa_ex_FL, Cpt_FL, CSI_FL, phi_FL, psi_FL, Zwc_FL, DFss_mis_LO, Ds_cp_LO, Tmax_GM, X_Tmax_GM, Wedge_TE_GM, UGT_GM, Area_GM
[09:48:05]   Total OF columns used: 13/13
[09:48:05] --------------------------------------------------------------------------------
[09:48:05] DATABASE INVENTORY
[09:48:05] --------------------------------------------------------------------------------
[09:48:05]   DOF short names: ALFAIN_BC, PITCH_BC, RE2IS_BC, MA2IS_BC, ARATIO_BC, BETA1_G0, BETA2_G0, W1_G0, W2_G0, RTE_G1, TMAXU_G1, TMAXL_G1, TMOVXU_G1, TMOVXL_G1, TUCP2_G2, TUCP3_G2, SUCP3_G2, TUCP5_G2, SUCP5_G2, TLCP5_G2, SLCP5_G2
[09:48:05]   OF short names: alfa_ex_FL, Cpt_FL, CSI_FL, phi_FL, psi_FL, Zwc_FL, DFss_mis_LO, Ds_cp_LO, Tmax_GM, X_Tmax_GM, Wedge_TE_GM, UGT_GM, Area_GM
[09:48:05] ================================================================================
Model: "mlp_psi_FL"
┏━━━━━━━━━━━━━━━━━━━━━━━━━━━━━━━━━┳━━━━━━━━━━━━━━━━━━━━━━━━┳━━━━━━━━━━━━━━━┓
┃ Layer (type)                    ┃ Output Shape           ┃       Param # ┃
┡━━━━━━━━━━━━━━━━━━━━━━━━━━━━━━━━━╇━━━━━━━━━━━━━━━━━━━━━━━━╇━━━━━━━━━━━━━━━┩
│ x (InputLayer)                  │ (None, 21)             │             0 │
├─────────────────────────────────┼────────────────────────┼───────────────┤
│ hidden_layer_0 (Dense)          │ (None, 128)            │         2,816 │
├─────────────────────────────────┼────────────────────────┼───────────────┤
│ hidden_layer_1 (Dense)          │ (None, 128)            │        16,512 │
├─────────────────────────────────┼────────────────────────┼───────────────┤
│ hidden_layer_2 (Dense)          │ (None, 128)            │        16,512 │
├─────────────────────────────────┼────────────────────────┼───────────────┤
│ output (Dense)                  │ (None, 1)              │           129 │
└─────────────────────────────────┴────────────────────────┴───────────────┘
 Total params: 35,969 (140.50 KB)
 Trainable params: 35,969 (140.50 KB)
 Non-trainable params: 0 (0.00 B)
Saved artifact at '/home/shared/avio-aero/AI_based_DS/2D_compressible-new_strategy/ANN/STEP_028/results/mlp_allOF_[128,128,128]/2/models/model_psi_FL'. The following endpoints are available:

* Endpoint 'serve'
  args_0 (POSITIONAL_ONLY): TensorSpec(shape=(None, 21), dtype=tf.float32, name='x')
Output Type:
  TensorSpec(shape=(None, 1), dtype=tf.float32, name=None)
Captures:
  139909292484640: TensorSpec(shape=(), dtype=tf.resource, name=None)
  139909292484464: TensorSpec(shape=(), dtype=tf.resource, name=None)
  139909245824768: TensorSpec(shape=(), dtype=tf.resource, name=None)
  139909245825472: TensorSpec(shape=(), dtype=tf.resource, name=None)
  139909245827584: TensorSpec(shape=(), dtype=tf.resource, name=None)
  139909245827408: TensorSpec(shape=(), dtype=tf.resource, name=None)
  139909245823888: TensorSpec(shape=(), dtype=tf.resource, name=None)
  139909245816672: TensorSpec(shape=(), dtype=tf.resource, name=None)
[09:49:16] METRICS: 
         mae_y      mse_y     mae_of    mape_of     mse_of      r2_of
set                                                                  
tr  1.142e-02  2.259e-04  6.643e-03  4.030e-03  7.642e-05  9.950e-01 
va  1.525e-02  4.258e-04  8.867e-03  5.343e-03  1.440e-04  9.900e-01 
te  1.507e-02  4.383e-04  8.765e-03  5.232e-03  1.483e-04  9.907e-01 
[09:49:19] DONE   OF=psi_FL
