[09:50:54] START  OF=DFss_mis_LO  path=/home/shared/avio-aero/AI_based_DS/2D_compressible-new_strategy/ANN/STEP_028/results/mlp_allOF_[128,128,128]/2/
[09:50:54] ================================================================================
[09:50:54] PREPROCESSING SUMMARY
[09:50:54] ================================================================================
[09:50:54] Model: mlp_allOF_[128,128,128]
[09:50:54] CV Strategy: none
[09:50:54] Database: 9677 samples, 21 DOF columns, 13 OF columns
[09:50:54] --------------------------------------------------------------------------------
[09:50:54] DEGREES OF FREEDOM (DOF)
[09:50:54] --------------------------------------------------------------------------------
[09:50:54]   Group 'all':
[09:50:54]     Pipeline: MinMaxScaler
[09:50:54]     Columns (21): ALFAIN_BC, PITCH_BC, RE2IS_BC, MA2IS_BC, ARATIO_BC, BETA1_G0, BETA2_G0, W1_G0, W2_G0, RTE_G1, TMAXU_G1, TMAXL_G1, TMOVXU_G1, TMOVXL_G1, TUCP2_G2, TUCP3_G2, SUCP3_G2, TUCP5_G2, SUCP5_G2, TLCP5_G2, SLCP5_G2
[09:50:54]   Total DOF columns used: 21/21
[09:50:54] --------------------------------------------------------------------------------
[09:50:54] OBJECTIVE FUNCTIONS (OF)
[09:50:54] --------------------------------------------------------------------------------
[09:50:54]   Group 'all':
[09:50:54]     Pipeline: MinMaxScaler
[09:50:54]     Columns (13): alfa_ex_FL, Cpt_FL, CSI_FL, phi_FL, psi_FL, Zwc_FL, DFss_mis_LO, Ds_cp_LO, Tmax_GM, X_Tmax_GM, Wedge_TE_GM, UGT_GM, Area_GM
[09:50:54]   Total OF columns used: 13/13
[09:50:54] --------------------------------------------------------------------------------
[09:50:54] DATABASE INVENTORY
[09:50:54] --------------------------------------------------------------------------------
[09:50:54]   DOF short names: ALFAIN_BC, PITCH_BC, RE2IS_BC, MA2IS_BC, ARATIO_BC, BETA1_G0, BETA2_G0, W1_G0, W2_G0, RTE_G1, TMAXU_G1, TMAXL_G1, TMOVXU_G1, TMOVXL_G1, TUCP2_G2, TUCP3_G2, SUCP3_G2, TUCP5_G2, SUCP5_G2, TLCP5_G2, SLCP5_G2
[09:50:54]   OF short names: alfa_ex_FL, Cpt_FL, CSI_FL, phi_FL, psi_FL, Zwc_FL, DFss_mis_LO, Ds_cp_LO, Tmax_GM, X_Tmax_GM, Wedge_TE_GM, UGT_GM, Area_GM
[09:50:54] ================================================================================
Model: "mlp_DFss_mis_LO"
┏━━━━━━━━━━━━━━━━━━━━━━━━━━━━━━━━━┳━━━━━━━━━━━━━━━━━━━━━━━━┳━━━━━━━━━━━━━━━┓
┃ Layer (type)                    ┃ Output Shape           ┃       Param # ┃
┡━━━━━━━━━━━━━━━━━━━━━━━━━━━━━━━━━╇━━━━━━━━━━━━━━━━━━━━━━━━╇━━━━━━━━━━━━━━━┩
│ x (InputLayer)                  │ (None, 21)             │             0 │
├─────────────────────────────────┼────────────────────────┼───────────────┤
│ hidden_layer_0 (Dense)          │ (None, 128)            │         2,816 │
├─────────────────────────────────┼────────────────────────┼───────────────┤
│ hidden_layer_1 (Dense)          │ (None, 128)            │        16,512 │
├─────────────────────────────────┼────────────────────────┼───────────────┤
│ hidden_layer_2 (Dense)          │ (None, 128)            │        16,512 │
├─────────────────────────────────┼────────────────────────┼───────────────┤
│ output (Dense)                  │ (None, 1)              │           129 │
└─────────────────────────────────┴────────────────────────┴───────────────┘
 Total params: 35,969 (140.50 KB)
 Trainable params: 35,969 (140.50 KB)
 Non-trainable params: 0 (0.00 B)
Saved artifact at '/home/shared/avio-aero/AI_based_DS/2D_compressible-new_strategy/ANN/STEP_028/results/mlp_allOF_[128,128,128]/2/models/model_DFss_mis_LO'. The following endpoints are available:

* Endpoint 'serve'
  args_0 (POSITIONAL_ONLY): TensorSpec(shape=(None, 21), dtype=tf.float32, name='x')
Output Type:
  TensorSpec(shape=(None, 1), dtype=tf.float32, name=None)
Captures:
  139909163310544: TensorSpec(shape=(), dtype=tf.resource, name=None)
  139909163305440: TensorSpec(shape=(), dtype=tf.resource, name=None)
  139909163311072: TensorSpec(shape=(), dtype=tf.resource, name=None)
  139909245818080: TensorSpec(shape=(), dtype=tf.resource, name=None)
  139909245827760: TensorSpec(shape=(), dtype=tf.resource, name=None)
  139909245828112: TensorSpec(shape=(), dtype=tf.resource, name=None)
  139909245824592: TensorSpec(shape=(), dtype=tf.resource, name=None)
  139909245828288: TensorSpec(shape=(), dtype=tf.resource, name=None)
[09:51:41] METRICS: 
         mae_y      mse_y     mae_of    mape_of     mse_of      r2_of
set                                                                  
tr  1.552e-02  4.489e-04  1.923e-02  1.413e-02  6.894e-04  9.773e-01 
va  2.262e-02  1.250e-03  2.804e-02  2.021e-02  1.920e-03  9.401e-01 
te  2.708e-02  1.861e-03  3.355e-02  2.344e-02  2.857e-03  9.242e-01 
[09:51:44] DONE   OF=DFss_mis_LO
