[09:49:19] START  OF=Zwc_FL  path=/home/shared/avio-aero/AI_based_DS/2D_compressible-new_strategy/ANN/STEP_028/results/mlp_allOF_[128,128,128]/2/
[09:49:19] ================================================================================
[09:49:19] PREPROCESSING SUMMARY
[09:49:19] ================================================================================
[09:49:19] Model: mlp_allOF_[128,128,128]
[09:49:19] CV Strategy: none
[09:49:19] Database: 9677 samples, 21 DOF columns, 13 OF columns
[09:49:19] --------------------------------------------------------------------------------
[09:49:19] DEGREES OF FREEDOM (DOF)
[09:49:19] --------------------------------------------------------------------------------
[09:49:19]   Group 'all':
[09:49:19]     Pipeline: MinMaxScaler
[09:49:19]     Columns (21): ALFAIN_BC, PITCH_BC, RE2IS_BC, MA2IS_BC, ARATIO_BC, BETA1_G0, BETA2_G0, W1_G0, W2_G0, RTE_G1, TMAXU_G1, TMAXL_G1, TMOVXU_G1, TMOVXL_G1, TUCP2_G2, TUCP3_G2, SUCP3_G2, TUCP5_G2, SUCP5_G2, TLCP5_G2, SLCP5_G2
[09:49:19]   Total DOF columns used: 21/21
[09:49:19] --------------------------------------------------------------------------------
[09:49:19] OBJECTIVE FUNCTIONS (OF)
[09:49:19] --------------------------------------------------------------------------------
[09:49:19]   Group 'all':
[09:49:19]     Pipeline: MinMaxScaler
[09:49:19]     Columns (13): alfa_ex_FL, Cpt_FL, CSI_FL, phi_FL, psi_FL, Zwc_FL, DFss_mis_LO, Ds_cp_LO, Tmax_GM, X_Tmax_GM, Wedge_TE_GM, UGT_GM, Area_GM
[09:49:19]   Total OF columns used: 13/13
[09:49:19] --------------------------------------------------------------------------------
[09:49:19] DATABASE INVENTORY
[09:49:19] --------------------------------------------------------------------------------
[09:49:19]   DOF short names: ALFAIN_BC, PITCH_BC, RE2IS_BC, MA2IS_BC, ARATIO_BC, BETA1_G0, BETA2_G0, W1_G0, W2_G0, RTE_G1, TMAXU_G1, TMAXL_G1, TMOVXU_G1, TMOVXL_G1, TUCP2_G2, TUCP3_G2, SUCP3_G2, TUCP5_G2, SUCP5_G2, TLCP5_G2, SLCP5_G2
[09:49:19]   OF short names: alfa_ex_FL, Cpt_FL, CSI_FL, phi_FL, psi_FL, Zwc_FL, DFss_mis_LO, Ds_cp_LO, Tmax_GM, X_Tmax_GM, Wedge_TE_GM, UGT_GM, Area_GM
[09:49:19] ================================================================================
Model: "mlp_Zwc_FL"
┏━━━━━━━━━━━━━━━━━━━━━━━━━━━━━━━━━┳━━━━━━━━━━━━━━━━━━━━━━━━┳━━━━━━━━━━━━━━━┓
┃ Layer (type)                    ┃ Output Shape           ┃       Param # ┃
┡━━━━━━━━━━━━━━━━━━━━━━━━━━━━━━━━━╇━━━━━━━━━━━━━━━━━━━━━━━━╇━━━━━━━━━━━━━━━┩
│ x (InputLayer)                  │ (None, 21)             │             0 │
├─────────────────────────────────┼────────────────────────┼───────────────┤
│ hidden_layer_0 (Dense)          │ (None, 128)            │         2,816 │
├─────────────────────────────────┼────────────────────────┼───────────────┤
│ hidden_layer_1 (Dense)          │ (None, 128)            │        16,512 │
├─────────────────────────────────┼────────────────────────┼───────────────┤
│ hidden_layer_2 (Dense)          │ (None, 128)            │        16,512 │
├─────────────────────────────────┼────────────────────────┼───────────────┤
│ output (Dense)                  │ (None, 1)              │           129 │
└─────────────────────────────────┴────────────────────────┴───────────────┘
 Total params: 35,969 (140.50 KB)
 Trainable params: 35,969 (140.50 KB)
 Non-trainable params: 0 (0.00 B)
Saved artifact at '/home/shared/avio-aero/AI_based_DS/2D_compressible-new_strategy/ANN/STEP_028/results/mlp_allOF_[128,128,128]/2/models/model_Zwc_FL'. The following endpoints are available:

* Endpoint 'serve'
  args_0 (POSITIONAL_ONLY): TensorSpec(shape=(None, 21), dtype=tf.float32, name='x')
Output Type:
  TensorSpec(shape=(None, 1), dtype=tf.float32, name=None)
Captures:
  139909292489568: TensorSpec(shape=(), dtype=tf.resource, name=None)
  139909290865968: TensorSpec(shape=(), dtype=tf.resource, name=None)
  139909245818256: TensorSpec(shape=(), dtype=tf.resource, name=None)
  139909245824944: TensorSpec(shape=(), dtype=tf.resource, name=None)
  139909163304912: TensorSpec(shape=(), dtype=tf.resource, name=None)
  139909163312480: TensorSpec(shape=(), dtype=tf.resource, name=None)
  139909163305968: TensorSpec(shape=(), dtype=tf.resource, name=None)
  139909163303328: TensorSpec(shape=(), dtype=tf.resource, name=None)
[09:50:50] METRICS: 
         mae_y      mse_y     mae_of    mape_of     mse_of      r2_of
set                                                                  
tr  6.013e-03  6.310e-05  9.010e-03  9.598e-03  1.416e-04  9.979e-01 
va  7.118e-03  9.262e-05  1.067e-02  1.103e-02  2.079e-04  9.971e-01 
te  7.858e-03  1.207e-04  1.177e-02  1.136e-02  2.709e-04  9.961e-01 
[09:50:54] DONE   OF=Zwc_FL
