[09:52:12] START  OF=Tmax_GM  path=/home/shared/avio-aero/AI_based_DS/2D_compressible-new_strategy/ANN/STEP_028/results/mlp_allOF_[128,128,128]/2/
[09:52:12] ================================================================================
[09:52:12] PREPROCESSING SUMMARY
[09:52:12] ================================================================================
[09:52:12] Model: mlp_allOF_[128,128,128]
[09:52:12] CV Strategy: none
[09:52:12] Database: 9677 samples, 21 DOF columns, 13 OF columns
[09:52:12] --------------------------------------------------------------------------------
[09:52:12] DEGREES OF FREEDOM (DOF)
[09:52:12] --------------------------------------------------------------------------------
[09:52:12]   Group 'all':
[09:52:12]     Pipeline: MinMaxScaler
[09:52:12]     Columns (21): ALFAIN_BC, PITCH_BC, RE2IS_BC, MA2IS_BC, ARATIO_BC, BETA1_G0, BETA2_G0, W1_G0, W2_G0, RTE_G1, TMAXU_G1, TMAXL_G1, TMOVXU_G1, TMOVXL_G1, TUCP2_G2, TUCP3_G2, SUCP3_G2, TUCP5_G2, SUCP5_G2, TLCP5_G2, SLCP5_G2
[09:52:12]   Total DOF columns used: 21/21
[09:52:12] --------------------------------------------------------------------------------
[09:52:12] OBJECTIVE FUNCTIONS (OF)
[09:52:12] --------------------------------------------------------------------------------
[09:52:12]   Group 'all':
[09:52:12]     Pipeline: MinMaxScaler
[09:52:12]     Columns (13): alfa_ex_FL, Cpt_FL, CSI_FL, phi_FL, psi_FL, Zwc_FL, DFss_mis_LO, Ds_cp_LO, Tmax_GM, X_Tmax_GM, Wedge_TE_GM, UGT_GM, Area_GM
[09:52:12]   Total OF columns used: 13/13
[09:52:12] --------------------------------------------------------------------------------
[09:52:12] DATABASE INVENTORY
[09:52:12] --------------------------------------------------------------------------------
[09:52:12]   DOF short names: ALFAIN_BC, PITCH_BC, RE2IS_BC, MA2IS_BC, ARATIO_BC, BETA1_G0, BETA2_G0, W1_G0, W2_G0, RTE_G1, TMAXU_G1, TMAXL_G1, TMOVXU_G1, TMOVXL_G1, TUCP2_G2, TUCP3_G2, SUCP3_G2, TUCP5_G2, SUCP5_G2, TLCP5_G2, SLCP5_G2
[09:52:12]   OF short names: alfa_ex_FL, Cpt_FL, CSI_FL, phi_FL, psi_FL, Zwc_FL, DFss_mis_LO, Ds_cp_LO, Tmax_GM, X_Tmax_GM, Wedge_TE_GM, UGT_GM, Area_GM
[09:52:12] ================================================================================
Model: "mlp_Tmax_GM"
┏━━━━━━━━━━━━━━━━━━━━━━━━━━━━━━━━━┳━━━━━━━━━━━━━━━━━━━━━━━━┳━━━━━━━━━━━━━━━┓
┃ Layer (type)                    ┃ Output Shape           ┃       Param # ┃
┡━━━━━━━━━━━━━━━━━━━━━━━━━━━━━━━━━╇━━━━━━━━━━━━━━━━━━━━━━━━╇━━━━━━━━━━━━━━━┩
│ x (InputLayer)                  │ (None, 21)             │             0 │
├─────────────────────────────────┼────────────────────────┼───────────────┤
│ hidden_layer_0 (Dense)          │ (None, 128)            │         2,816 │
├─────────────────────────────────┼────────────────────────┼───────────────┤
│ hidden_layer_1 (Dense)          │ (None, 128)            │        16,512 │
├─────────────────────────────────┼────────────────────────┼───────────────┤
│ hidden_layer_2 (Dense)          │ (None, 128)            │        16,512 │
├─────────────────────────────────┼────────────────────────┼───────────────┤
│ output (Dense)                  │ (None, 1)              │           129 │
└─────────────────────────────────┴────────────────────────┴───────────────┘
 Total params: 35,969 (140.50 KB)
 Trainable params: 35,969 (140.50 KB)
 Non-trainable params: 0 (0.00 B)
Saved artifact at '/home/shared/avio-aero/AI_based_DS/2D_compressible-new_strategy/ANN/STEP_028/results/mlp_allOF_[128,128,128]/2/models/model_Tmax_GM'. The following endpoints are available:

* Endpoint 'serve'
  args_0 (POSITIONAL_ONLY): TensorSpec(shape=(None, 21), dtype=tf.float32, name='x')
Output Type:
  TensorSpec(shape=(None, 1), dtype=tf.float32, name=None)
Captures:
  139909146113152: TensorSpec(shape=(), dtype=tf.resource, name=None)
  139909146106464: TensorSpec(shape=(), dtype=tf.resource, name=None)
  139909146104704: TensorSpec(shape=(), dtype=tf.resource, name=None)
  139909146104352: TensorSpec(shape=(), dtype=tf.resource, name=None)
  139909146102416: TensorSpec(shape=(), dtype=tf.resource, name=None)
  139909146111216: TensorSpec(shape=(), dtype=tf.resource, name=None)
  139909146107168: TensorSpec(shape=(), dtype=tf.resource, name=None)
  139909146110688: TensorSpec(shape=(), dtype=tf.resource, name=None)
[09:54:04] METRICS: 
         mae_y      mse_y     mae_of    mape_of     mse_of      r2_of
set                                                                  
tr  3.249e-03  1.935e-05  1.233e-04  5.498e-03  2.789e-08  9.995e-01 
va  3.480e-03  2.196e-05  1.321e-04  5.949e-03  3.165e-08  9.994e-01 
te  3.398e-03  2.203e-05  1.290e-04  6.545e-03  3.175e-08  9.993e-01 
[09:54:08] DONE   OF=Tmax_GM
