[09:46:48] START  OF=phi_FL  path=/home/shared/avio-aero/AI_based_DS/2D_compressible-new_strategy/ANN/STEP_028/results/mlp_allOF_[128,128,128]/2/
[09:46:48] ================================================================================
[09:46:48] PREPROCESSING SUMMARY
[09:46:48] ================================================================================
[09:46:48] Model: mlp_allOF_[128,128,128]
[09:46:48] CV Strategy: none
[09:46:48] Database: 9677 samples, 21 DOF columns, 13 OF columns
[09:46:48] --------------------------------------------------------------------------------
[09:46:48] DEGREES OF FREEDOM (DOF)
[09:46:48] --------------------------------------------------------------------------------
[09:46:48]   Group 'all':
[09:46:48]     Pipeline: MinMaxScaler
[09:46:48]     Columns (21): ALFAIN_BC, PITCH_BC, RE2IS_BC, MA2IS_BC, ARATIO_BC, BETA1_G0, BETA2_G0, W1_G0, W2_G0, RTE_G1, TMAXU_G1, TMAXL_G1, TMOVXU_G1, TMOVXL_G1, TUCP2_G2, TUCP3_G2, SUCP3_G2, TUCP5_G2, SUCP5_G2, TLCP5_G2, SLCP5_G2
[09:46:48]   Total DOF columns used: 21/21
[09:46:48] --------------------------------------------------------------------------------
[09:46:48] OBJECTIVE FUNCTIONS (OF)
[09:46:48] --------------------------------------------------------------------------------
[09:46:48]   Group 'all':
[09:46:48]     Pipeline: MinMaxScaler
[09:46:48]     Columns (13): alfa_ex_FL, Cpt_FL, CSI_FL, phi_FL, psi_FL, Zwc_FL, DFss_mis_LO, Ds_cp_LO, Tmax_GM, X_Tmax_GM, Wedge_TE_GM, UGT_GM, Area_GM
[09:46:48]   Total OF columns used: 13/13
[09:46:48] --------------------------------------------------------------------------------
[09:46:48] DATABASE INVENTORY
[09:46:48] --------------------------------------------------------------------------------
[09:46:48]   DOF short names: ALFAIN_BC, PITCH_BC, RE2IS_BC, MA2IS_BC, ARATIO_BC, BETA1_G0, BETA2_G0, W1_G0, W2_G0, RTE_G1, TMAXU_G1, TMAXL_G1, TMOVXU_G1, TMOVXL_G1, TUCP2_G2, TUCP3_G2, SUCP3_G2, TUCP5_G2, SUCP5_G2, TLCP5_G2, SLCP5_G2
[09:46:48]   OF short names: alfa_ex_FL, Cpt_FL, CSI_FL, phi_FL, psi_FL, Zwc_FL, DFss_mis_LO, Ds_cp_LO, Tmax_GM, X_Tmax_GM, Wedge_TE_GM, UGT_GM, Area_GM
[09:46:48] ================================================================================
Model: "mlp_phi_FL"
┏━━━━━━━━━━━━━━━━━━━━━━━━━━━━━━━━━┳━━━━━━━━━━━━━━━━━━━━━━━━┳━━━━━━━━━━━━━━━┓
┃ Layer (type)                    ┃ Output Shape           ┃       Param # ┃
┡━━━━━━━━━━━━━━━━━━━━━━━━━━━━━━━━━╇━━━━━━━━━━━━━━━━━━━━━━━━╇━━━━━━━━━━━━━━━┩
│ x (InputLayer)                  │ (None, 21)             │             0 │
├─────────────────────────────────┼────────────────────────┼───────────────┤
│ hidden_layer_0 (Dense)          │ (None, 128)            │         2,816 │
├─────────────────────────────────┼────────────────────────┼───────────────┤
│ hidden_layer_1 (Dense)          │ (None, 128)            │        16,512 │
├─────────────────────────────────┼────────────────────────┼───────────────┤
│ hidden_layer_2 (Dense)          │ (None, 128)            │        16,512 │
├─────────────────────────────────┼────────────────────────┼───────────────┤
│ output (Dense)                  │ (None, 1)              │           129 │
└─────────────────────────────────┴────────────────────────┴───────────────┘
 Total params: 35,969 (140.50 KB)
 Trainable params: 35,969 (140.50 KB)
 Non-trainable params: 0 (0.00 B)
Saved artifact at '/home/shared/avio-aero/AI_based_DS/2D_compressible-new_strategy/ANN/STEP_028/results/mlp_allOF_[128,128,128]/2/models/model_phi_FL'. The following endpoints are available:

* Endpoint 'serve'
  args_0 (POSITIONAL_ONLY): TensorSpec(shape=(None, 21), dtype=tf.float32, name='x')
Output Type:
  TensorSpec(shape=(None, 1), dtype=tf.float32, name=None)
Captures:
  139909290859280: TensorSpec(shape=(), dtype=tf.resource, name=None)
  139909290860688: TensorSpec(shape=(), dtype=tf.resource, name=None)
  139909290859632: TensorSpec(shape=(), dtype=tf.resource, name=None)
  139909290857520: TensorSpec(shape=(), dtype=tf.resource, name=None)
  139909290853648: TensorSpec(shape=(), dtype=tf.resource, name=None)
  139909290859456: TensorSpec(shape=(), dtype=tf.resource, name=None)
  139909290854528: TensorSpec(shape=(), dtype=tf.resource, name=None)
  139909290852768: TensorSpec(shape=(), dtype=tf.resource, name=None)
[09:48:01] METRICS: 
         mae_y      mse_y     mae_of    mape_of     mse_of      r2_of
set                                                                  
tr  1.907e-02  6.171e-04  5.694e-03  8.342e-03  5.503e-05  9.861e-01 
va  2.628e-02  1.259e-03  7.847e-03  1.146e-02  1.123e-04  9.693e-01 
te  2.682e-02  1.387e-03  8.010e-03  1.132e-02  1.237e-04  9.670e-01 
[09:48:05] DONE   OF=phi_FL
