[09:45:33] START  OF=Cpt_FL  path=/home/shared/avio-aero/AI_based_DS/2D_compressible-new_strategy/ANN/STEP_028/results/mlp_allOF_[128,128,128]/2/
[09:45:33] ================================================================================
[09:45:33] PREPROCESSING SUMMARY
[09:45:33] ================================================================================
[09:45:33] Model: mlp_allOF_[128,128,128]
[09:45:33] CV Strategy: none
[09:45:33] Database: 9677 samples, 21 DOF columns, 13 OF columns
[09:45:33] --------------------------------------------------------------------------------
[09:45:33] DEGREES OF FREEDOM (DOF)
[09:45:33] --------------------------------------------------------------------------------
[09:45:33]   Group 'all':
[09:45:33]     Pipeline: MinMaxScaler
[09:45:33]     Columns (21): ALFAIN_BC, PITCH_BC, RE2IS_BC, MA2IS_BC, ARATIO_BC, BETA1_G0, BETA2_G0, W1_G0, W2_G0, RTE_G1, TMAXU_G1, TMAXL_G1, TMOVXU_G1, TMOVXL_G1, TUCP2_G2, TUCP3_G2, SUCP3_G2, TUCP5_G2, SUCP5_G2, TLCP5_G2, SLCP5_G2
[09:45:33]   Total DOF columns used: 21/21
[09:45:33] --------------------------------------------------------------------------------
[09:45:33] OBJECTIVE FUNCTIONS (OF)
[09:45:33] --------------------------------------------------------------------------------
[09:45:33]   Group 'all':
[09:45:33]     Pipeline: MinMaxScaler
[09:45:33]     Columns (13): alfa_ex_FL, Cpt_FL, CSI_FL, phi_FL, psi_FL, Zwc_FL, DFss_mis_LO, Ds_cp_LO, Tmax_GM, X_Tmax_GM, Wedge_TE_GM, UGT_GM, Area_GM
[09:45:33]   Total OF columns used: 13/13
[09:45:33] --------------------------------------------------------------------------------
[09:45:33] DATABASE INVENTORY
[09:45:33] --------------------------------------------------------------------------------
[09:45:33]   DOF short names: ALFAIN_BC, PITCH_BC, RE2IS_BC, MA2IS_BC, ARATIO_BC, BETA1_G0, BETA2_G0, W1_G0, W2_G0, RTE_G1, TMAXU_G1, TMAXL_G1, TMOVXU_G1, TMOVXL_G1, TUCP2_G2, TUCP3_G2, SUCP3_G2, TUCP5_G2, SUCP5_G2, TLCP5_G2, SLCP5_G2
[09:45:33]   OF short names: alfa_ex_FL, Cpt_FL, CSI_FL, phi_FL, psi_FL, Zwc_FL, DFss_mis_LO, Ds_cp_LO, Tmax_GM, X_Tmax_GM, Wedge_TE_GM, UGT_GM, Area_GM
[09:45:33] ================================================================================
Model: "mlp_Cpt_FL"
┏━━━━━━━━━━━━━━━━━━━━━━━━━━━━━━━━━┳━━━━━━━━━━━━━━━━━━━━━━━━┳━━━━━━━━━━━━━━━┓
┃ Layer (type)                    ┃ Output Shape           ┃       Param # ┃
┡━━━━━━━━━━━━━━━━━━━━━━━━━━━━━━━━━╇━━━━━━━━━━━━━━━━━━━━━━━━╇━━━━━━━━━━━━━━━┩
│ x (InputLayer)                  │ (None, 21)             │             0 │
├─────────────────────────────────┼────────────────────────┼───────────────┤
│ hidden_layer_0 (Dense)          │ (None, 128)            │         2,816 │
├─────────────────────────────────┼────────────────────────┼───────────────┤
│ hidden_layer_1 (Dense)          │ (None, 128)            │        16,512 │
├─────────────────────────────────┼────────────────────────┼───────────────┤
│ hidden_layer_2 (Dense)          │ (None, 128)            │        16,512 │
├─────────────────────────────────┼────────────────────────┼───────────────┤
│ output (Dense)                  │ (None, 1)              │           129 │
└─────────────────────────────────┴────────────────────────┴───────────────┘
 Total params: 35,969 (140.50 KB)
 Trainable params: 35,969 (140.50 KB)
 Non-trainable params: 0 (0.00 B)
Saved artifact at '/home/shared/avio-aero/AI_based_DS/2D_compressible-new_strategy/ANN/STEP_028/results/mlp_allOF_[128,128,128]/2/models/model_Cpt_FL'. The following endpoints are available:

* Endpoint 'serve'
  args_0 (POSITIONAL_ONLY): TensorSpec(shape=(None, 21), dtype=tf.float32, name='x')
Output Type:
  TensorSpec(shape=(None, 1), dtype=tf.float32, name=None)
Captures:
  139909163306144: TensorSpec(shape=(), dtype=tf.resource, name=None)
  139909163307024: TensorSpec(shape=(), dtype=tf.resource, name=None)
  139909163307376: TensorSpec(shape=(), dtype=tf.resource, name=None)
  139909163307728: TensorSpec(shape=(), dtype=tf.resource, name=None)
  139909163307552: TensorSpec(shape=(), dtype=tf.resource, name=None)
  139909163308080: TensorSpec(shape=(), dtype=tf.resource, name=None)
  139909163307904: TensorSpec(shape=(), dtype=tf.resource, name=None)
  139909163308432: TensorSpec(shape=(), dtype=tf.resource, name=None)
[09:46:06] METRICS: 
         mae_y      mse_y     mae_of    mape_of     mse_of      r2_of
set                                                                  
tr  2.149e-02  1.153e-03  3.144e-03  4.884e-02  2.468e-05  9.563e-01 
va  2.940e-02  2.607e-03  4.301e-03  6.150e-02  5.579e-05  9.084e-01 
te  3.272e-02  4.067e-03  4.787e-03  6.531e-02  8.703e-05  8.482e-01 
[09:46:10] DONE   OF=Cpt_FL
