[09:55:49] START  OF=Wedge_TE_GM  path=/home/shared/avio-aero/AI_based_DS/2D_compressible-new_strategy/ANN/STEP_028/results/mlp_allOF_[128,128,128]/2/
[09:55:49] ================================================================================
[09:55:49] PREPROCESSING SUMMARY
[09:55:49] ================================================================================
[09:55:49] Model: mlp_allOF_[128,128,128]
[09:55:49] CV Strategy: none
[09:55:49] Database: 9677 samples, 21 DOF columns, 13 OF columns
[09:55:49] --------------------------------------------------------------------------------
[09:55:49] DEGREES OF FREEDOM (DOF)
[09:55:49] --------------------------------------------------------------------------------
[09:55:49]   Group 'all':
[09:55:49]     Pipeline: MinMaxScaler
[09:55:49]     Columns (21): ALFAIN_BC, PITCH_BC, RE2IS_BC, MA2IS_BC, ARATIO_BC, BETA1_G0, BETA2_G0, W1_G0, W2_G0, RTE_G1, TMAXU_G1, TMAXL_G1, TMOVXU_G1, TMOVXL_G1, TUCP2_G2, TUCP3_G2, SUCP3_G2, TUCP5_G2, SUCP5_G2, TLCP5_G2, SLCP5_G2
[09:55:49]   Total DOF columns used: 21/21
[09:55:49] --------------------------------------------------------------------------------
[09:55:49] OBJECTIVE FUNCTIONS (OF)
[09:55:49] --------------------------------------------------------------------------------
[09:55:49]   Group 'all':
[09:55:49]     Pipeline: MinMaxScaler
[09:55:49]     Columns (13): alfa_ex_FL, Cpt_FL, CSI_FL, phi_FL, psi_FL, Zwc_FL, DFss_mis_LO, Ds_cp_LO, Tmax_GM, X_Tmax_GM, Wedge_TE_GM, UGT_GM, Area_GM
[09:55:49]   Total OF columns used: 13/13
[09:55:49] --------------------------------------------------------------------------------
[09:55:49] DATABASE INVENTORY
[09:55:49] --------------------------------------------------------------------------------
[09:55:49]   DOF short names: ALFAIN_BC, PITCH_BC, RE2IS_BC, MA2IS_BC, ARATIO_BC, BETA1_G0, BETA2_G0, W1_G0, W2_G0, RTE_G1, TMAXU_G1, TMAXL_G1, TMOVXU_G1, TMOVXL_G1, TUCP2_G2, TUCP3_G2, SUCP3_G2, TUCP5_G2, SUCP5_G2, TLCP5_G2, SLCP5_G2
[09:55:49]   OF short names: alfa_ex_FL, Cpt_FL, CSI_FL, phi_FL, psi_FL, Zwc_FL, DFss_mis_LO, Ds_cp_LO, Tmax_GM, X_Tmax_GM, Wedge_TE_GM, UGT_GM, Area_GM
[09:55:49] ================================================================================
Model: "mlp_Wedge_TE_GM"
┏━━━━━━━━━━━━━━━━━━━━━━━━━━━━━━━━━┳━━━━━━━━━━━━━━━━━━━━━━━━┳━━━━━━━━━━━━━━━┓
┃ Layer (type)                    ┃ Output Shape           ┃       Param # ┃
┡━━━━━━━━━━━━━━━━━━━━━━━━━━━━━━━━━╇━━━━━━━━━━━━━━━━━━━━━━━━╇━━━━━━━━━━━━━━━┩
│ x (InputLayer)                  │ (None, 21)             │             0 │
├─────────────────────────────────┼────────────────────────┼───────────────┤
│ hidden_layer_0 (Dense)          │ (None, 128)            │         2,816 │
├─────────────────────────────────┼────────────────────────┼───────────────┤
│ hidden_layer_1 (Dense)          │ (None, 128)            │        16,512 │
├─────────────────────────────────┼────────────────────────┼───────────────┤
│ hidden_layer_2 (Dense)          │ (None, 128)            │        16,512 │
├─────────────────────────────────┼────────────────────────┼───────────────┤
│ output (Dense)                  │ (None, 1)              │           129 │
└─────────────────────────────────┴────────────────────────┴───────────────┘
 Total params: 35,969 (140.50 KB)
 Trainable params: 35,969 (140.50 KB)
 Non-trainable params: 0 (0.00 B)
Saved artifact at '/home/shared/avio-aero/AI_based_DS/2D_compressible-new_strategy/ANN/STEP_028/results/mlp_allOF_[128,128,128]/2/models/model_Wedge_TE_GM'. The following endpoints are available:

* Endpoint 'serve'
  args_0 (POSITIONAL_ONLY): TensorSpec(shape=(None, 21), dtype=tf.float32, name='x')
Output Type:
  TensorSpec(shape=(None, 1), dtype=tf.float32, name=None)
Captures:
  139909239370176: TensorSpec(shape=(), dtype=tf.resource, name=None)
  139909239370000: TensorSpec(shape=(), dtype=tf.resource, name=None)
  139909239360672: TensorSpec(shape=(), dtype=tf.resource, name=None)
  139909239371408: TensorSpec(shape=(), dtype=tf.resource, name=None)
  139909239373344: TensorSpec(shape=(), dtype=tf.resource, name=None)
  139909239369296: TensorSpec(shape=(), dtype=tf.resource, name=None)
  139909239365600: TensorSpec(shape=(), dtype=tf.resource, name=None)
  139909239360320: TensorSpec(shape=(), dtype=tf.resource, name=None)
[09:57:44] METRICS: 
         mae_y      mse_y     mae_of    mape_of     mse_of      r2_of
set                                                                  
tr  4.653e-03  3.665e-05  2.041e-01  2.221e-02  7.053e-02  9.984e-01 
va  5.495e-03  5.237e-05  2.410e-01  2.823e-02  1.008e-01  9.977e-01 
te  4.989e-03  4.183e-05  2.188e-01  2.624e-02  8.050e-02  9.978e-01 
[09:57:47] DONE   OF=Wedge_TE_GM
