[09:54:08] START  OF=X_Tmax_GM  path=/home/shared/avio-aero/AI_based_DS/2D_compressible-new_strategy/ANN/STEP_028/results/mlp_allOF_[128,128,128]/2/
[09:54:08] ================================================================================
[09:54:08] PREPROCESSING SUMMARY
[09:54:08] ================================================================================
[09:54:08] Model: mlp_allOF_[128,128,128]
[09:54:08] CV Strategy: none
[09:54:08] Database: 9677 samples, 21 DOF columns, 13 OF columns
[09:54:08] --------------------------------------------------------------------------------
[09:54:08] DEGREES OF FREEDOM (DOF)
[09:54:08] --------------------------------------------------------------------------------
[09:54:08]   Group 'all':
[09:54:08]     Pipeline: MinMaxScaler
[09:54:08]     Columns (21): ALFAIN_BC, PITCH_BC, RE2IS_BC, MA2IS_BC, ARATIO_BC, BETA1_G0, BETA2_G0, W1_G0, W2_G0, RTE_G1, TMAXU_G1, TMAXL_G1, TMOVXU_G1, TMOVXL_G1, TUCP2_G2, TUCP3_G2, SUCP3_G2, TUCP5_G2, SUCP5_G2, TLCP5_G2, SLCP5_G2
[09:54:08]   Total DOF columns used: 21/21
[09:54:08] --------------------------------------------------------------------------------
[09:54:08] OBJECTIVE FUNCTIONS (OF)
[09:54:08] --------------------------------------------------------------------------------
[09:54:08]   Group 'all':
[09:54:08]     Pipeline: MinMaxScaler
[09:54:08]     Columns (13): alfa_ex_FL, Cpt_FL, CSI_FL, phi_FL, psi_FL, Zwc_FL, DFss_mis_LO, Ds_cp_LO, Tmax_GM, X_Tmax_GM, Wedge_TE_GM, UGT_GM, Area_GM
[09:54:08]   Total OF columns used: 13/13
[09:54:08] --------------------------------------------------------------------------------
[09:54:08] DATABASE INVENTORY
[09:54:08] --------------------------------------------------------------------------------
[09:54:08]   DOF short names: ALFAIN_BC, PITCH_BC, RE2IS_BC, MA2IS_BC, ARATIO_BC, BETA1_G0, BETA2_G0, W1_G0, W2_G0, RTE_G1, TMAXU_G1, TMAXL_G1, TMOVXU_G1, TMOVXL_G1, TUCP2_G2, TUCP3_G2, SUCP3_G2, TUCP5_G2, SUCP5_G2, TLCP5_G2, SLCP5_G2
[09:54:08]   OF short names: alfa_ex_FL, Cpt_FL, CSI_FL, phi_FL, psi_FL, Zwc_FL, DFss_mis_LO, Ds_cp_LO, Tmax_GM, X_Tmax_GM, Wedge_TE_GM, UGT_GM, Area_GM
[09:54:08] ================================================================================
Model: "mlp_X_Tmax_GM"
┏━━━━━━━━━━━━━━━━━━━━━━━━━━━━━━━━━┳━━━━━━━━━━━━━━━━━━━━━━━━┳━━━━━━━━━━━━━━━┓
┃ Layer (type)                    ┃ Output Shape           ┃       Param # ┃
┡━━━━━━━━━━━━━━━━━━━━━━━━━━━━━━━━━╇━━━━━━━━━━━━━━━━━━━━━━━━╇━━━━━━━━━━━━━━━┩
│ x (InputLayer)                  │ (None, 21)             │             0 │
├─────────────────────────────────┼────────────────────────┼───────────────┤
│ hidden_layer_0 (Dense)          │ (None, 128)            │         2,816 │
├─────────────────────────────────┼────────────────────────┼───────────────┤
│ hidden_layer_1 (Dense)          │ (None, 128)            │        16,512 │
├─────────────────────────────────┼────────────────────────┼───────────────┤
│ hidden_layer_2 (Dense)          │ (None, 128)            │        16,512 │
├─────────────────────────────────┼────────────────────────┼───────────────┤
│ output (Dense)                  │ (None, 1)              │           129 │
└─────────────────────────────────┴────────────────────────┴───────────────┘
 Total params: 35,969 (140.50 KB)
 Trainable params: 35,969 (140.50 KB)
 Non-trainable params: 0 (0.00 B)
Saved artifact at '/home/shared/avio-aero/AI_based_DS/2D_compressible-new_strategy/ANN/STEP_028/results/mlp_allOF_[128,128,128]/2/models/model_X_Tmax_GM'. The following endpoints are available:

* Endpoint 'serve'
  args_0 (POSITIONAL_ONLY): TensorSpec(shape=(None, 21), dtype=tf.float32, name='x')
Output Type:
  TensorSpec(shape=(None, 1), dtype=tf.float32, name=None)
Captures:
  139909245828816: TensorSpec(shape=(), dtype=tf.resource, name=None)
  139909245824064: TensorSpec(shape=(), dtype=tf.resource, name=None)
  139909292490272: TensorSpec(shape=(), dtype=tf.resource, name=None)
  139909146105408: TensorSpec(shape=(), dtype=tf.resource, name=None)
  139909146108752: TensorSpec(shape=(), dtype=tf.resource, name=None)
  139909146114032: TensorSpec(shape=(), dtype=tf.resource, name=None)
  139909146106992: TensorSpec(shape=(), dtype=tf.resource, name=None)
  139909146113504: TensorSpec(shape=(), dtype=tf.resource, name=None)
[09:55:45] METRICS: 
         mae_y      mse_y     mae_of    mape_of     mse_of      r2_of
set                                                                  
tr  8.085e-03  1.192e-04  2.997e-03  1.186e-02  1.638e-05  9.958e-01 
va  9.921e-03  2.018e-04  3.677e-03  1.463e-02  2.772e-05  9.931e-01 
te  1.011e-02  2.288e-04  3.747e-03  1.510e-02  3.143e-05  9.913e-01 
[09:55:49] DONE   OF=X_Tmax_GM
